spec:
  {{- if and .Values.ingress.ingressClassName (eq "true" (include "common.ingress.supportsIngressClassname" .)) }}
  ingressClassName: {{ .Values.ingress.ingressClassName | quote }}
  {{- end }}
  rules:
    {{- if .Values.ingress.hostname }}
      - host: {{ .Values.ingress.hostname }}
        http:
          paths:
            {{- if .Values.ingress.extraPaths }}
            {{- toYaml .Values.ingress.extraPaths | nindent 10 }}
            {{- end }}
              - path: {{ .Values.ingress.path }}
                {{- if eq "true" (include "common.ingress.supportsPathType" .) }}
                pathType: {{ .Values.ingress.pathType }}
                {{- end }}
                backend: {{- include "common.ingress.backend" (dict "serviceName" (include "common.names.fullname" .) "servicePort" "http" "context" $)  | nindent 14 }}
    {{- end }}
    {{- range .Values.ingress.extraHosts }}
      - host: {{ .name | quote }}
        http:
          paths:
            - path: {{ default "/" .path }}
              {{- if eq "true" (include "common.ingress.supportsPathType" $) }}
              pathType: {{ default "ImplementationSpecific" .pathType }}
              {{- end }}
              backend: {{- include "common.ingress.backend" (dict "serviceName" (include "common.names.fullname" $) "servicePort" "http" "context" $) | nindent 14 }}
    {{- end }}
