data:
  {{- if .Values.ingress.hostname }}
    - host: {{ .Values.ingress.hostname }}
      foo
      bar
    - xxx:
      for
      bar


data:
  {{- if .Values.ingress.hostname }}
    - host: {{ .Values.ingress.hostname }}
      foo
      bar
    - yyy:
      for
      bar
