qqq
  www
    eee
      rrr
        ttt
          yyy
            uuu



    aaa
      sss
        ddd
          ggg

        zzz
          ccc
